// Jest Snapshot v1, https://goo.gl/fbAQLP

exports[`Form component renders Form 1`] = `
<DocumentFragment>
  <form>
    <div
      class="urlInput"
    >
      <label
        for="url"
      />
      <input
        id="url"
        name="url"
        placeholder="URL"
        type="text"
        value=""
      />
    </div>
    <div
      class="methods"
    >
      <label
        for="get"
      >
        GET
      </label>
      <input
        id="get"
        name="method"
        type="radio"
        value="GET"
      />
      <label
        for="post"
      >
        POST
      </label>
      <input
        id="post"
        name="method"
        type="radio"
        value="POST"
      />
      <label
        for="put"
      >
        PUT
      </label>
      <input
        id="put"
        name="method"
        type="radio"
        value="PUT"
      />
      <label
        for="patch"
      >
        PATCH
      </label>
      <input
        id="patch"
        name="method"
        type="radio"
        value="PATCH"
      />
      <label
        for="delete"
      >
        DELETE
      </label>
      <input
        id="delete"
        name="method"
        type="radio"
        value="DELETE"
      />
    </div>
    <button>
      Send
    </button>
    <div
      class="jsonInput"
    >
      <textarea
        id="body"
        name="body"
        placeholder="JSON body"
      />
    </div>
  </form>
</DocumentFragment>
`;
